ASxxxx Linker V03.00/V05.40 + sdld,  page 1.
Hexadecimal  [32-Bits]

Area                                    Addr        Size        Decimal Bytes (Attributes)
--------------------------------        ----        ----        ------- ----- ------------
CABS                                00000000    00000000 =           0. bytes (ABS,CON,CODE)

      Value  Global                              Global Defined In Module
      -----  --------------------------------   ------------------------
C:   00000000  l_BIT_BANK                      
C:   00000000  l_BSEG                          
C:   00000000  l_BSEG_BYTES                    
C:   00000000  l_CABS                          
C:   00000000  l_GSINIT                        
C:   00000000  l_GSINIT0                       
C:   00000000  l_GSINIT1                       
C:   00000000  l_GSINIT2                       
C:   00000000  l_GSINIT3                       
C:   00000000  l_GSINIT4                       
C:   00000000  l_GSINIT5                       
C:   00000000  l_IABS                          
C:   00000000  l_ISEG                          
C:   00000000  l_OSEG                          
C:   00000000  l_PSEG                          
C:   00000000  l_REG_BANK_1                    
C:   00000000  l_REG_BANK_2                    
C:   00000000  l_REG_BANK_3                    
C:   00000000  l_RSEG                          
C:   00000000  l_RSEG0                         
C:   00000000  l_RSEG1                         
C:   00000000  l_XABS                          
C:   00000000  l_XINIT                         
C:   00000000  l_XISEG                         
C:   00000000  l_XSEG                          
C:   00000000  l__CODE                         
C:   00000000  s_BSEG                          
C:   00000000  s_CABS                          
C:   00000000  s_DSEG                          
C:   00000000  s_HOME                          
C:   00000000  s_IABS                          
C:   00000000  s_ISEG                          
C:   00000000  s_REG_BANK_0                    
C:   00000000  s_RSEG                          
C:   00000000  s_RSEG0                         
C:   00000000  s_RSEG1                         
C:   00000000  s_XABS                          
C:   00000001  s_PSEG                          
C:   00000001  s_XISEG                         
C:   00000001  s_XSEG                          
C:   00000003  l_GSFINAL                       
C:   00000008  l_REG_BANK_0                    
C:   00000008  s_REG_BANK_1                    
C:   00000008  s_SSEG                          
C:   00000010  l_CONST                         
C:   00000010  s_REG_BANK_2                    
C:   00000018  s_BIT_BANK                      
C:   00000018  s_OSEG                          
C:   00000018  s_REG_BANK_3                    
C:   00000020  s_BSEG_BYTES                    
ASxxxx Linker V03.00/V05.40 + sdld,  page 2.
Hexadecimal  [32-Bits]

Area                                    Addr        Size        Decimal Bytes (Attributes)
--------------------------------        ----        ----        ------- ----- ------------
CABS                                00000000    00000000 =           0. bytes (ABS,CON,CODE)

      Value  Global                              Global Defined In Module
      -----  --------------------------------   ------------------------
C:   00000020  s__CODE                         
C:   0000007E  l_HOME                          
C:   0000007E  s_GSFINAL                       
C:   0000007E  s_GSINIT                        
C:   0000007E  s_GSINIT0                       
C:   0000007E  s_GSINIT1                       
C:   0000007E  s_GSINIT2                       
C:   0000007E  s_GSINIT3                       
C:   0000007E  s_GSINIT4                       
C:   0000007E  s_GSINIT5                       
C:   00000080  l_DSEG                          
C:   00000081  s_CSEG                          
C:   000000F8  l_SSEG                          
C:   00000100  l_IRAM                          
C:   00000859  l_CSEG                          
C:   000008DA  s_CONST                         
C:   000008EA  s_XINIT                         

ASxxxx Linker V03.00/V05.40 + sdld,  page 3.
Hexadecimal  [32-Bits]

Area                                    Addr        Size        Decimal Bytes (Attributes)
--------------------------------        ----        ----        ------- ----- ------------
.  .ABS.                            00000000    00000000 =           0. bytes (ABS,CON)

      Value  Global                              Global Defined In Module
      -----  --------------------------------   ------------------------
     00000000  .__.ABS.                           _gptrget
     00000020  _thread_mask                       preemptive
     00000021  _active_tid                        preemptive
     00000022  _next_tid                          preemptive
     00000023  _sp_temp                           preemptive
     00000024  _sp_backup                         preemptive
     00000028  _move_way                          dino
     00000028  _sched_dir                         preemptive
     00000029  _lcd_ready                         lcdlib
     00000029  _screen_is_ready                   dino
     0000002A  _map_piece                         dino
     0000002B  _map_lock                          dino
     0000002C  _top_left                          dino
     0000002D  _top_right                         dino
     0000002E  _bottom_left                       dino
     0000002F  _bottom_right                      dino
     00000030  _key_lock                          dino
     00000031  _key_ready                         dino
     00000032  _pressed_key                       dino
     00000033  _read_key                          dino
     00000034  _dino_row                          dino
     00000035  _level                             dino
     00000036  _points                            dino
     00000037  _screen_mode                       dino
     00000038  _wait_time                         dino
     0000003C  _fp_low                            preemptive
     0000003D  _fp_high                           preemptive
     0000003E  _saved_EA                          preemptive
     0000003F  _draw_step                         dino
     00000080  _P0                                keylib
     00000080  _P0_0                              keylib
     00000081  _P0_1                              keylib
     00000081  _SP                                keylib
     00000082  _DPL                               keylib
     00000082  _P0_2                              keylib
     00000083  _DPH                               keylib
     00000083  _P0_3                              keylib
     00000084  _P0_4                              keylib
     00000085  _P0_5                              keylib
     00000086  _P0_6                              keylib
     00000087  _P0_7                              keylib
     00000087  _PCON                              keylib
     00000088  _IT0                               keylib
     00000088  _TCON                              keylib
     00000089  _IE0                               keylib
     00000089  _TMOD                              keylib
     0000008A  _IT1                               keylib
     0000008A  _TL0                               keylib
     0000008B  _IE1                               keylib
     0000008B  _TL1                               keylib
ASxxxx Linker V03.00/V05.40 + sdld,  page 4.
Hexadecimal  [32-Bits]

Area                                    Addr        Size        Decimal Bytes (Attributes)
--------------------------------        ----        ----        ------- ----- ------------
.  .ABS.                            00000000    00000000 =           0. bytes (ABS,CON)

      Value  Global                              Global Defined In Module
      -----  --------------------------------   ------------------------
     0000008C  _TH0                               keylib
     0000008C  _TR0                               keylib
     0000008D  _TF0                               keylib
     0000008D  _TH1                               keylib
     0000008E  _TR1                               keylib
     0000008F  _TF1                               keylib
     00000090  _P1                                keylib
     00000090  _P1_0                              keylib
     00000091  _P1_1                              keylib
     00000092  _P1_2                              keylib
     00000093  _P1_3                              keylib
     00000094  _P1_4                              keylib
     00000095  _P1_5                              keylib
     00000096  _P1_6                              keylib
     00000097  _P1_7                              keylib
     00000098  _RI                                keylib
     00000098  _SCON                              keylib
     00000099  _SBUF                              keylib
     00000099  _TI                                keylib
     0000009A  _RB8                               keylib
     0000009B  _TB8                               keylib
     0000009C  _REN                               keylib
     0000009D  _SM2                               keylib
     0000009E  _SM1                               keylib
     0000009F  _SM0                               keylib
     000000A0  _P2                                keylib
     000000A0  _P2_0                              keylib
     000000A1  _P2_1                              keylib
     000000A2  _P2_2                              keylib
     000000A3  _P2_3                              keylib
     000000A4  _P2_4                              keylib
     000000A5  _P2_5                              keylib
     000000A6  _P2_6                              keylib
     000000A7  _P2_7                              keylib
     000000A8  _EX0                               keylib
     000000A8  _IE                                keylib
     000000A9  _ET0                               keylib
     000000AA  _EX1                               keylib
     000000AB  _ET1                               keylib
     000000AC  _ES                                keylib
     000000AF  _EA                                keylib
     000000B0  _P3                                keylib
     000000B0  _P3_0                              keylib
     000000B0  _RXD                               keylib
     000000B1  _P3_1                              keylib
     000000B1  _TXD                               keylib
     000000B2  _INT0                              keylib
     000000B2  _P3_2                              keylib
     000000B3  _INT1                              keylib
     000000B3  _P3_3                              keylib
     000000B4  _P3_4                              keylib
ASxxxx Linker V03.00/V05.40 + sdld,  page 5.
Hexadecimal  [32-Bits]

Area                                    Addr        Size        Decimal Bytes (Attributes)
--------------------------------        ----        ----        ------- ----- ------------
.  .ABS.                            00000000    00000000 =           0. bytes (ABS,CON)

      Value  Global                              Global Defined In Module
      -----  --------------------------------   ------------------------
     000000B4  _T0                                keylib
     000000B5  _P3_5                              keylib
     000000B5  _T1                                keylib
     000000B6  _P3_6                              keylib
     000000B6  _WR                                keylib
     000000B7  _P3_7                              keylib
     000000B7  _RD                                keylib
     000000B8  _IP                                keylib
     000000B8  _PX0                               keylib
     000000B9  _PT0                               keylib
     000000BA  _PX1                               keylib
     000000BB  _PT1                               keylib
     000000BC  _PS                                keylib
     000000D0  _P                                 keylib
     000000D0  _PSW                               keylib
     000000D1  _F1                                keylib
     000000D2  _OV                                keylib
     000000D3  _RS0                               keylib
     000000D4  _RS1                               keylib
     000000D5  _F0                                keylib
     000000D6  _AC                                keylib
     000000D7  _CY                                keylib
     000000E0  _ACC                               keylib
     000000F0  _B                                 keylib
     000000F5  _B_5                               _gptrget
     000000F6  _B_6                               _gptrget
     000000F7  _B_7                               _gptrget

ASxxxx Linker V03.00/V05.40 + sdld,  page 6.
Hexadecimal  [32-Bits]

Area                                    Addr        Size        Decimal Bytes (Attributes)
--------------------------------        ----        ----        ------- ----- ------------
REG_BANK_0                          00000000    00000008 =           8. bytes (REL,OVR)

      Value  Global                              Global Defined In Module
      -----  --------------------------------   ------------------------
ASxxxx Linker V03.00/V05.40 + sdld,  page 7.
Hexadecimal  [32-Bits]

Area                                    Addr        Size        Decimal Bytes (Attributes)
--------------------------------        ----        ----        ------- ----- ------------
DSEG                                00000000    00000080 =         128. bytes (REL,CON)

      Value  Global                              Global Defined In Module
      -----  --------------------------------   ------------------------
ASxxxx Linker V03.00/V05.40 + sdld,  page 8.
Hexadecimal  [32-Bits]

Area                                    Addr        Size        Decimal Bytes (Attributes)
--------------------------------        ----        ----        ------- ----- ------------
SSEG                                00000008    000000F8 =         248. bytes (REL,OVR)

      Value  Global                              Global Defined In Module
      -----  --------------------------------   ------------------------
     00000008  __start__stack                     dino

ASxxxx Linker V03.00/V05.40 + sdld,  page 9.
Hexadecimal  [32-Bits]

Area                                    Addr        Size        Decimal Bytes (Attributes)
--------------------------------        ----        ----        ------- ----- ------------
HOME                                00000000    0000007E =         126. bytes (REL,CON,CODE)

      Value  Global                              Global Defined In Module
      -----  --------------------------------   ------------------------
C:   00000010  sdcc_atomic_exchange_rollback_st   dino
C:   00000037  sdcc_atomic_exchange_gptr_impl     dino
C:   00000037  sdcc_atomic_exchange_rollback_en   dino
C:   00000047  sdcc_atomic_compare_exchange_gpt   dino
C:   00000051  __sdcc_program_startup             dino
C:   00000054  sdcc_atomic_maybe_rollback         
ASxxxx Linker V03.00/V05.40 + sdld,  page 10.
Hexadecimal  [32-Bits]

Area                                    Addr        Size        Decimal Bytes (Attributes)
--------------------------------        ----        ----        ------- ----- ------------
GSFINAL                             0000007E    00000003 =           3. bytes (REL,CON,CODE)

      Value  Global                              Global Defined In Module
      -----  --------------------------------   ------------------------
ASxxxx Linker V03.00/V05.40 + sdld,  page 11.
Hexadecimal  [32-Bits]

Area                                    Addr        Size        Decimal Bytes (Attributes)
--------------------------------        ----        ----        ------- ----- ------------
CSEG                                00000081    00000859 =        2137. bytes (REL,CON,CODE)

      Value  Global                              Global Defined In Module
      -----  --------------------------------   ------------------------
C:   00000081  _keypad_control                    dino
C:   000000B6  _render_task                       dino
C:   00000342  _game_control                      dino
C:   000004AE  _main                              dino
C:   00000578  __sdcc_gsinit_startup              dino
C:   0000057C  __mcs51_genRAMCLEAR                dino
C:   0000057D  __mcs51_genXINIT                   dino
C:   0000057E  __mcs51_genXRAMCLEAR               dino
C:   0000057F  _timer0_ISR                        dino
C:   00000585  _Bootstrap                         preemptive
C:   000005B6  _ThreadCreate                      preemptive
C:   00000644  _ThreadYield                       preemptive
C:   000006A2  _ThreadExit                        preemptive
C:   00000710  _myTimer0Handler                   preemptive
C:   0000076A  _LCD_ready                         lcdlib
C:   0000076E  _LCD_Init                          lcdlib
C:   00000781  _LCD_IRWrite                       lcdlib
C:   000007A3  _LCD_functionSet                   lcdlib
C:   000007CD  _LCD_write_char                    lcdlib
C:   000007F7  _LCD_write_string                  lcdlib
C:   0000082C  _delay                             lcdlib
C:   00000830  _Init_Keypad                       keylib
C:   00000836  _AnyKeyPressed                     keylib
C:   00000842  _KeyToChar                         keylib
C:   000008BE  __gptrget                          _gptrget

ASxxxx Linker V03.00/V05.40 + sdld,  page 12.
Hexadecimal  [32-Bits]

Area                                    Addr        Size        Decimal Bytes (Attributes)
--------------------------------        ----        ----        ------- ----- ------------
CONST                               000008DA    00000010 =          16. bytes (REL,CON,CODE)

      Value  Global                              Global Defined In Module
      -----  --------------------------------   ------------------------
C:   000008DA  _dinosaur                          dino
C:   000008E2  _cactus                            dino

ASxxxx Linker V03.00/V05.40 + sdld,  page 13.

Files Linked                              [ module(s) ]

dino.rel                                  [  ]
preemptive.rel                            [  ]
lcdlib.rel                                [  ]
keylib.rel                                [  ]


Libraries Linked                          [ object file ]

C:\Program Files\SDCC\bin\..\lib\small/mcs51.lib
                                          [ __sdcc_atomic_maybe_rollback.rel ]
C:\Program Files\SDCC\bin\..\lib\small/libsdcc.lib
                                          [ _gptrget.rel ]

ASxxxx Linker V03.00/V05.40 + sdld,  page 14.

User Base Address Definitions

HOME = 0x0000
XSEG = 0x0001
PSEG = 0x0001
ISEG = 0x0000
BSEG = 0x0000

